102: [11700,-52470,-18324,22896,37932,-25200,58284,47118,-64392,-7578,41436,39312,12102,-12132,-24162,41172,-56382,94554,-86688,33114,60132,-35556,5562,-45750,34776,12204,-42120,79224,-64560,-8970,35532,-12840,67668,-40524,23124,15228,69876,-89382,44538,15624,-18432,83784,-98532,61608,-17856,-4524,-16056,29532,44334,-24516,61986,-65466,89256,-68082,98388,-103830,94014,-49362,1698,12522,19896,6570,13050,25962,-68220,3438,7890,-61644,19656,20538,-48018,13326,14514,-41250,58674,-78114,-5634,-32154,-8442,-36072,-16230,-38358,4626,25236,-12948,-18216,27270,50406,-68910,27636,45996,43614,-55494,41346,-73284,10914,-1176,-18396,70944,-40218,4674,564]
