[99,50,-40,-97,-74,9,86,91,21,-66,-99,-50,40,97,74,-9,-86,-91,-21,66,99,50,-40,-97,-74,9,86,91,21,-66,-99,-50,40,97,74,-9,-86,-91,-21,66,99,50,-40,-97,-74,9,86,91,21,-66,-99,-50,40,97,74,-9,-86,-91,-21,66,99,50,-40,-97,-74,9,86,91,21,-66,-99,-50,40,97,74,-9,-86,-91,-21,66,99,50,-40,-97,-74,9,86,91,21,-66,-99,-50,40,97,74,-9,-86,-91,-21,66]
