[913,-676,327,74,-464,777,-963,990,-854,578,-206,-198,571,-850,989,-965,782,-471,82,320,-669,909,-999,925,-698,357,42,-436,757,-954,994,-870,603,-237,-167,545,-833,984,-973,802,-499,113,290,-646,896,-998,936,-720,386,11,-407,736,-944,997,-885,628,-267,-136,518,-815,978,-980,820,-526,144,259,-622,881,-996,947,-742,415,-19,-378,715,-933,999,-899,652,-297,-105,491,-797,971,-985,838,-552,175,229,-597,866,-993,956,-763,443,-51,-349,692,-922,999]
