[54,75,90,98,99,93,80,62,38,12,-14,-39,-62,-81,-93,-99,-98,-89,-74,-53,-29,-2,23,48,70,86,96,99,95,84,67,45,19,-7,-33,-57,-77,-91,-98,-99,-92,-78,-59,-35,-9,17,42,65,83,94,99,97,88,72,51,26,0,-26,-51,-72,-88,-97,-99,-94,-82,-64,-42,-16,10,36,60,79,92,99,98,91,76,57,33,6,-20,-45,-67,-84,-95,-99,-96,-86,-70,-48,-23,3,29,54,74,89,98,99,93,81]
