128: [359,966,105,115,81,255,74,236,809,205,186,939,498,763,483,326,124,706,84,1016,795,488,487,909,886,346,302,611,563,927,201,922,870,306,13,951,561,88,163,346,293,349,261,791,88,745,94,212,427,178,205,198,667,692,84,529,14,386,116,577,289,317,476,135,624,489,62,161,577,225,508,871,574,769,638,663,490,732,875,918,911,56,92,554,748,176,59,763,562,175,316,852,492,792,987,92,258,26,254,835,251,762,682,826,507,297,465,998,5,316,892,916,373,984,446,97,137,505,860,699,680,153,527,149,945,491,241,179]
