560 0.91936
877 0.98980
881 0.92819
1074 0.92206
1635 0.97522
2268 0.91936
2978 0.92529
3266 0.90388
3596 0.91233
3664 0.94657
3823 0.93420
3882 0.92370
