0 1.00000
2 1.00000
4 1.00000
6 1.00000
8 1.00000
