0 0.10488
1 0.30721
3 0.00246
5 0.32418
8 0.05133
10 0.41528
