52 0.73019
122 0.67831
151 0.68957
161 0.72636
184 0.71343
