4 0.77579
15 0.74796
30 0.72058
38 0.83034
39 0.87356
46 0.72058
53 0.72058
59 0.78099
65 0.96986
76 0.85367
88 0.91162
97 0.80618
104 0.74726
109 0.78253
117 0.73077
123 0.77357
134 0.87735
137 0.78446
143 0.74726
147 0.97147
153 0.86232
154 0.77357
160 0.94752
168 0.87901
195 0.77145
215 0.87706
245 0.91613
249 0.75181
250 0.90811
282 0.88571
287 0.88134
301 0.95761
306 0.70019
307 0.74586
312 0.74433
322 0.87706
331 0.79577
336 0.84984
347 0.79627
362 0.74856
363 0.88599
368 0.77589
373 0.72058
381 0.86980
389 0.80769
398 0.89822
405 0.80563
406 0.89872
415 0.72401
420 0.71156
427 0.71633
428 0.72058
439 0.76487
443 0.97073
449 0.74843
463 0.96832
474 0.76487
482 0.71898
487 0.72229
495 0.87290
