29: [17,875,2973,1934,3848,3893,5601,4763,10135,6517,8974,6405,7135,4770,7105,4827,5493,5080,3509,4971,5504,4388,4530,5114,4311,3161,3648,1922,924]
