25: [-2300,9870,-23594,42570,-55674,58618,-44668,17698,7396,-18046,4346,25258,-50964,54140,-34960,3790,14120,-19116,16540,-9380,4494,1702,-1824,-64,48]
