29: [-1638,-2076,-3933,-4050,-3240,-3720,1942,2093,5273,1412,6313,-2573,-676,-2583,17,-4274,765,-1204,789,-775,1753,3219,2344,3471,-710,640,-1973,-1751,-882]
