19: [1900,1198,-1434,1252,-3435,6384,-3025,512,-5817,3154,846,-2002,-297,-2434,1531,-404,86,-781,-171]
