8: [0.98198,1.00000,0.32733,0.94423,-0.19509,-0.74065,0.80296,1.00000]
