8: [0.15959,-0.54127,0.67900,-0.92966,1.00000,-0.82675,-0.10762,0.90419]
