11: [0.10488,0.30721,-0.16278,0.00246,-0.51115,0.32418,-0.07393,-0.02409,0.05133,-0.42672,0.41528]
