11: [938,1191,985,1144,1182,1519,1231,1325,1392,1172,1455]
