191: [85,116,196,104,104,192,224,200,253,306,298,205,263,281,233,138,198,191,187,128,272,265,242,172,271,272,175,175,160,222,170,217,298,230,262,285,305,258,218,297,229,310,230,225,177,207,213,166,165,174,170,215,270,170,163,197,270,114,100,131,195,129,84,118,162,143,101,139,186,221,92,185,250,241,144,155,170,232,127,179,175,148,228,239,263,200,239,264,261,243,188,175,197,238,141,168,184,189,235,139,189,229,232,172,214,280,229,239,236,220,231,185,222,140,194,225,193,229,244,286,239,230,333,241,223,224,331,252,214,216,207,232,263,255,218,132,225,275,232,108,133,137,198,100,111,60,170,182,129,208,215,315,213,274,262,289,276,261,221,256,248,310,264,260,231,246,210,276,230,180,102,208,238,154,117,152,161,155,131,189,196,149,114,161,225,127,88,73,180,197,146]
